#PARTIE II - 1

sarah@iwantoeat:/home$ cd /home/
sarah@iwantoeat:/home$ ls -l
total 4
drwx------ 13 sarah sarah 4096 Nov 12 09:04 sarah
sarah@iwantoeat:/home$ find / -name "ssh_config" 2>/dev/null
/etc/ssh/ssh_config

#PARTIE II - 2 
#A
sarah@iwantoeat:/home$ su
Password:
root@iwantoeat:/home# sudo useradd -m marmotte -s /bin/bash
root@iwantoeat:/home# cd /
root@iwantoeat:/# cd home/
root@iwantoeat:/home# ls
marmotte  sarah
root@iwantoeat:/home# sudo passwd marmotte
New password:
Retype new password:
passwd: password updated successfully
root@iwantoeat:/home# su marmotte
marmotte@iwantoeat:/home$

#B
sarah@iwantoeat:/home$ su
Password:
root@iwantoeat:/home# sudo cat /etc/passwd | grep marmotte
marmotte:x:1001:1001::/home/marmotte:/bin/bash
root@iwantoeat:/home# sudo cat /etc/shadow | grep marmotte
marmotte:$y$j9T$xK5/Cibf3y7QCOhBt8/ZW/$cdS60F/0hwatI1GefY1VrWuXZ9Plb0CbJZdqbbHJcPC:20039:0:99999:7:::

#D
root@iwantoeat:/home# exit
exit
root@iwantoeat:/home# exit
exit

sarah@iwantoeat:/home$ ls marmotte
sarah@iwantoeat:/home$ su marmotte
Password:
marmotte@iwantoeat:/home$ ls /home/sarah/
ls: cannot open directory '/home/sarah/': Permission denied

# PARTIE III 
#A
sarah@iwantoeat:/home$ sleep 1000

sarah@iwantoeat:~$ ps -fe | grep sleep
sarah       3234    3232  0 10:29 pts/1    00:00:00 sleep 1000
sarah       3316    3278  0 10:39 pts/2    00:00:00 grep sleep
sarah@iwantoeat:~$ kill 3234

## dans le premier terminal
unuser@TPOS:~$ sleep 1000
Terminated

sarah@iwantoeat:/home$ sleep 1000 &
[1] 3326
sarah@iwantoeat:/home$ ps -fe | grep sleep
sarah       3326    3232  0 10:53 pts/1    00:00:00 sleep 1000
sarah       3329    3232  0 10:53 pts/1    00:00:00 grep sleep
## PID 3326

#C
root@iwantoeat:/home# find / -name "sleep"
find: ‘/run/user/1000/doc’: Permission denied
find: ‘/run/user/1000/gvfs’: Permission denied

root@iwantoeat:/home# find / -name "sleep"
find: ‘/run/user/1000/doc’: Permission denied
find: ‘/run/user/1000/gvfs’: Permission denied
/usr/bin/sleep
/usr/lib/klibc/bin/sleep
root@iwantoeat:/home# # find / -name "*.bashrc"
root@iwantoeat:/home# find / -name "*.bashrc"
find: ‘/run/user/1000/doc’: Permission denied
find: ‘/run/user/1000/gvfs’: Permission denied
/root/.bashrc
/etc/skel/.bashrc
/etc/bash.bashrc
/usr/share/base-files/dot.bashrc
/usr/share/doc/adduser/examples/adduser.local.conf.examples/skel/dot.bashrc
/usr/share/doc/adduser/examples/adduser.local.conf.examples/bash.bashrc
/home/marmotte/.bashrc
/home/sarah/.bashrc

#D
root@iwantoeat:/home#  find / -name "ping"
find: ‘/run/user/1000/doc’: Permission denied
find: ‘/run/user/1000/gvfs’: Permission denied
/usr/bin/ping
/usr/share/bash-completion/completions/ping

root@iwantoeat:/# find / -name "ssh"
find: ‘/run/user/1000/doc’: Permission denied
find: ‘/run/user/1000/gvfs’: Permission denied
/run/user/1000/keyring/ssh
/run/user/1000/gcr/ssh
/var/log/runit/ssh
/etc/default/ssh
/etc/init.d/ssh
/etc/sv/ssh
/etc/ssh
/etc/runit/runsvdir/default/ssh
/usr/bin/ssh
/usr/lib/apt/methods/ssh
/usr/share/runit/meta/ssh
/usr/share/bash-completion/completions/ssh

root@iwantoeat:/# find / -name "sleep"
find: ‘/run/user/1000/doc’: Permission denied
find: ‘/run/user/1000/gvfs’: Permission denied
/usr/bin/sleep
/usr/lib/klibc/bin/sleep
root@iwantoeat:/# echo $PATH
/usr/local/bin:/usr/bin:/bin:/usr/local/games:/usr/games

root@iwantoeat:/# find / -name "git"
find: ‘/run/user/1000/doc’: Permission denied
find: ‘/run/user/1000/gvfs’: Permission denied

# PARTIE III - 2 
sarah@iwantoeat:~$ wget https://gitlab.com/it4lik/b1-os/-/raw/main/tp/2/meow
--2024-11-12 11:57:33--  https://gitlab.com/it4lik/b1-os/-/raw/main/tp/2/meow
Resolving gitlab.com (gitlab.com)... 172.65.251.78, 2606:4700:90:0:f22e:fbec:5bed:a9b9
Connecting to gitlab.com (gitlab.com)|172.65.251.78|:443... connected.
HTTP request sent, awaiting response... 200 OK
Length: 18016947 (17M) [application/octet-stream]
Saving to: ‘meow’

meow                          100%[=================================================>]  17.18M  13.1MB/s    in 1.3s

2024-11-12 11:57:35 (13.1 MB/s) - ‘meow’ saved [18016947/18016947]

sarah@iwantoeat:~$ file meow
meow: Zip archive data, at least v2.0 to extract, compression method=deflate
sarah@iwantoeat:~$ mv meow meow.zip
sarah@iwantoeat:~$ unzip meow.zip
Archive:  meow.zip
  inflating: meow
sarah@iwantoeat:~$ file meow
meow: XZ compressed data, checksum CRC64
sarah@iwantoeat:~$ mv meow meow.xz
sarah@iwantoeat:~$ xz meow.xz
xz: meow.xz: File already has `.xz' suffix, skipping
sarah@iwantoeat:~$ file meow
meow: cannot open `meow' (No such file or directory)
sarah@iwantoeat:~$ xz-d
-bash: xz-d: command not found
sarah@iwantoeat:~$ xz
xz: Compressed data cannot be written to a terminal
xz: Try `xz --help' for more information.
sarah@iwantoeat:~$ xz -d
xz: Compressed data cannot be read from a terminal
sarah@iwantoeat:~$ xz -d meow
xz: meow: No such file or directory
sarah@iwantoeat:~$ xz -d meow.xz
sarah@iwantoeat:~$ file meow
meow: bzip2 compressed data, block size = 900k
sarah@iwantoeat:~$ mv meow meow.bz2
sarah@iwantoeat:~$ bunzip2 meow.bz2
file sarah@iwantoeat:~$ file meow
meow: RAR archive data, v5
sarah@iwantoeat:~$ rar
-bash: rar: command not found
sarah@iwantoeat:~$ sudo apt upgrade
[sudo] password for sarah:
sarah is not in the sudoers file.
sarah@iwantoeat:~$ sudo nano apt upgrade
[sudo] password for sarah:
*Sorry, try again.
[sudo] password for sarah:
Sorry, try again.
[sudo] password for sarah:
sarah is not in the sudoers file.
sarah@iwantoeat:~$ su root
Password:
root@iwantoeat:/home/sarah# apt upgrade
Reading package lists... Done
Building dependency tree... Done
Reading state information... Done
Calculating upgrade... Done
The following NEW packages will be installed:
  linux-image-6.1.0-27-amd64
The following packages will be upgraded:
  base-files bsdextrautils bsdutils distro-info-data eject fdisk ghostscript gir1.2-gtk-3.0
  gir1.2-javascriptcoregtk-4.0 gir1.2-javascriptcoregtk-4.1 gir1.2-webkit2-4.0 gir1.2-webkit2-4.1
  gtk-update-icon-cache intel-microcode iputils-ping libapr1 libarchive13 libblkid1 libc-bin libc-l10n libc6
  libcjson1 libcurl3-gnutls libcurl4 libfdisk1 libgail-3-0 libglib2.0-0 libglib2.0-bin libglib2.0-data
  libgs-common libgs10 libgs10-common libgtk-3-0 libgtk-3-bin libgtk-3-common libjavascriptcoregtk-4.0-18
  libjavascriptcoregtk-4.1-0 libjavascriptcoregtk-6.0-1 libmount1 libmpg123-0 libnghttp2-14 libnss-myhostname
  libnss-systemd libnss3 libntfs-3g89 libostree-1-1 libpam-systemd libpython3.11 libpython3.11-minimal
  libpython3.11-stdlib libsmartcols1 libsqlite3-0 libssl3 libsystemd-shared libsystemd0 libudev1 libuuid1
  libwebkit2gtk-4.0-37 libwebkit2gtk-4.1-0 libwebkitgtk-6.0-4 linux-image-amd64 locales mount ntfs-3g openssl
  python3-cryptography python3.11 python3.11-minimal systemd systemd-sysv systemd-timesyncd udev util-linux
  util-linux-extra util-linux-locales
75 upgraded, 1 newly installed, 0 to remove and 0 not upgraded.
Need to get 0 B/217 MB of archives.
After this operation, 409 MB of additional disk space will be used.
Do you want to continue? [Y/n] y
Reading changelogs... Done
Extracting templates from packages: 100%
Preconfiguring packages ...
(Reading database ... 151477 files and directories currently installed.)
Preparing to unpack .../base-files_12.4+deb12u8_amd64.deb ...
Unpacking base-files (12.4+deb12u8) over (12.4+deb12u7) ...
Setting up base-files (12.4+deb12u8) ...
Installing new version of config file /etc/debian_version ...
(Reading database ... 151477 files and directories currently installed.)
Preparing to unpack .../bsdutils_1%3a2.38.1-5+deb12u2_amd64.deb ...
Unpacking bsdutils (1:2.38.1-5+deb12u2) over (1:2.38.1-5+deb12u1) ...
Setting up bsdutils (1:2.38.1-5+deb12u2) ...
(Reading database ... 151477 files and directories currently installed.)
Preparing to unpack .../libc6_2.36-9+deb12u9_amd64.deb ...
Unpacking libc6:amd64 (2.36-9+deb12u9) over (2.36-9+deb12u8) ...
Setting up libc6:amd64 (2.36-9+deb12u9) ...
(Reading database ... 151477 files and directories currently installed.)
Preparing to unpack .../libsmartcols1_2.38.1-5+deb12u2_amd64.deb ...
Unpacking libsmartcols1:amd64 (2.38.1-5+deb12u2) over (2.38.1-5+deb12u1) ...
Setting up libsmartcols1:amd64 (2.38.1-5+deb12u2) ...
(Reading database ... 151477 files and directories currently installed.)
Preparing to unpack .../util-linux-extra_2.38.1-5+deb12u2_amd64.deb ...
Unpacking util-linux-extra (2.38.1-5+deb12u2) over (2.38.1-5+deb12u1) ...
Setting up util-linux-extra (2.38.1-5+deb12u2) ...
(Reading database ... 151477 files and directories currently installed.)
Preparing to unpack .../util-linux_2.38.1-5+deb12u2_amd64.deb ...
Unpacking util-linux (2.38.1-5+deb12u2) over (2.38.1-5+deb12u1) ...
Setting up util-linux (2.38.1-5+deb12u2) ...
fstrim.service is a disabled or a static unit not running, not starting it.
(Reading database ... 151477 files and directories currently installed.)
Preparing to unpack .../libc-bin_2.36-9+deb12u9_amd64.deb ...
Unpacking libc-bin (2.36-9+deb12u9) over (2.36-9+deb12u8) ...
Setting up libc-bin (2.36-9+deb12u9) ...
(Reading database ... 151477 files and directories currently installed.)
Preparing to unpack .../mount_2.38.1-5+deb12u2_amd64.deb ...
Unpacking mount (2.38.1-5+deb12u2) over (2.38.1-5+deb12u1) ...
Preparing to unpack .../libblkid1_2.38.1-5+deb12u2_amd64.deb ...
Unpacking libblkid1:amd64 (2.38.1-5+deb12u2) over (2.38.1-5+deb12u1) ...
Setting up libblkid1:amd64 (2.38.1-5+deb12u2) ...
(Reading database ... 151477 files and directories currently installed.)
Preparing to unpack .../libmount1_2.38.1-5+deb12u2_amd64.deb ...
Unpacking libmount1:amd64 (2.38.1-5+deb12u2) over (2.38.1-5+deb12u1) ...
Setting up libmount1:amd64 (2.38.1-5+deb12u2) ...
(Reading database ... 151477 files and directories currently installed.)
Preparing to unpack .../libssl3_3.0.15-1~deb12u1_amd64.deb ...
Unpacking libssl3:amd64 (3.0.15-1~deb12u1) over (3.0.14-1~deb12u2) ...
Preparing to unpack .../systemd-timesyncd_252.31-1~deb12u1_amd64.deb ...
Unpacking systemd-timesyncd (252.31-1~deb12u1) over (252.30-1~deb12u2) ...
Preparing to unpack .../libnss-systemd_252.31-1~deb12u1_amd64.deb ...
Unpacking libnss-systemd:amd64 (252.31-1~deb12u1) over (252.30-1~deb12u2) ...
Preparing to unpack .../libpam-systemd_252.31-1~deb12u1_amd64.deb ...
Unpacking libpam-systemd:amd64 (252.31-1~deb12u1) over (252.30-1~deb12u2) ...
Setting up libssl3:amd64 (3.0.15-1~deb12u1) ...
(Reading database ... 151477 files and directories currently installed.)
Preparing to unpack .../systemd_252.31-1~deb12u1_amd64.deb ...
Unpacking systemd (252.31-1~deb12u1) over (252.30-1~deb12u2) ...
Preparing to unpack .../libsystemd-shared_252.31-1~deb12u1_amd64.deb ...
Unpacking libsystemd-shared:amd64 (252.31-1~deb12u1) over (252.30-1~deb12u2) ...
Preparing to unpack .../libsystemd0_252.31-1~deb12u1_amd64.deb ...
Unpacking libsystemd0:amd64 (252.31-1~deb12u1) over (252.30-1~deb12u2) ...
Setting up libsystemd0:amd64 (252.31-1~deb12u1) ...
Setting up libsystemd-shared:amd64 (252.31-1~deb12u1) ...
Setting up mount (2.38.1-5+deb12u2) ...
Setting up systemd (252.31-1~deb12u1) ...
(Reading database ... 151477 files and directories currently installed.)
Preparing to unpack .../systemd-sysv_252.31-1~deb12u1_amd64.deb ...
Unpacking systemd-sysv (252.31-1~deb12u1) over (252.30-1~deb12u2) ...
Preparing to unpack .../libuuid1_2.38.1-5+deb12u2_amd64.deb ...
Unpacking libuuid1:amd64 (2.38.1-5+deb12u2) over (2.38.1-5+deb12u1) ...
Setting up libuuid1:amd64 (2.38.1-5+deb12u2) ...
(Reading database ... 151477 files and directories currently installed.)
Preparing to unpack .../0-libfdisk1_2.38.1-5+deb12u2_amd64.deb ...
Unpacking libfdisk1:amd64 (2.38.1-5+deb12u2) over (2.38.1-5+deb12u1) ...
Preparing to unpack .../1-libpython3.11_3.11.2-6+deb12u4_amd64.deb ...
Unpacking libpython3.11:amd64 (3.11.2-6+deb12u4) over (3.11.2-6+deb12u3) ...
Preparing to unpack .../2-python3.11_3.11.2-6+deb12u4_amd64.deb ...
Unpacking python3.11 (3.11.2-6+deb12u4) over (3.11.2-6+deb12u3) ...
Preparing to unpack .../3-libpython3.11-stdlib_3.11.2-6+deb12u4_amd64.deb ...
Unpacking libpython3.11-stdlib:amd64 (3.11.2-6+deb12u4) over (3.11.2-6+deb12u3) ...
Preparing to unpack .../4-python3.11-minimal_3.11.2-6+deb12u4_amd64.deb ...
Unpacking python3.11-minimal (3.11.2-6+deb12u4) over (3.11.2-6+deb12u3) ...
Preparing to unpack .../5-libpython3.11-minimal_3.11.2-6+deb12u4_amd64.deb ...
Unpacking libpython3.11-minimal:amd64 (3.11.2-6+deb12u4) over (3.11.2-6+deb12u3) ...
Preparing to unpack .../6-libsqlite3-0_3.40.1-2+deb12u1_amd64.deb ...
Unpacking libsqlite3-0:amd64 (3.40.1-2+deb12u1) over (3.40.1-2) ...
Preparing to unpack .../7-udev_252.31-1~deb12u1_amd64.deb ...
Unpacking udev (252.31-1~deb12u1) over (252.30-1~deb12u2) ...
Preparing to unpack .../8-libudev1_252.31-1~deb12u1_amd64.deb ...
Unpacking libudev1:amd64 (252.31-1~deb12u1) over (252.30-1~deb12u2) ...
Setting up libudev1:amd64 (252.31-1~deb12u1) ...
(Reading database ... 151477 files and directories currently installed.)
Preparing to unpack .../00-fdisk_2.38.1-5+deb12u2_amd64.deb ...
Unpacking fdisk (2.38.1-5+deb12u2) over (2.38.1-5+deb12u1) ...
Preparing to unpack .../01-iputils-ping_3%3a20221126-1+deb12u1_amd64.deb ...
Unpacking iputils-ping (3:20221126-1+deb12u1) over (3:20221126-1) ...
Preparing to unpack .../02-intel-microcode_3.20240910.1~deb12u1_amd64.deb ...
Unpacking intel-microcode (3.20240910.1~deb12u1) over (3.20240813.1~deb12u1) ...
Preparing to unpack .../03-libc-l10n_2.36-9+deb12u9_all.deb ...
Unpacking libc-l10n (2.36-9+deb12u9) over (2.36-9+deb12u8) ...
Preparing to unpack .../04-locales_2.36-9+deb12u9_all.deb ...
Unpacking locales (2.36-9+deb12u9) over (2.36-9+deb12u8) ...
Preparing to unpack .../05-bsdextrautils_2.38.1-5+deb12u2_amd64.deb ...
Unpacking bsdextrautils (2.38.1-5+deb12u2) over (2.38.1-5+deb12u1) ...
Preparing to unpack .../06-distro-info-data_0.58+deb12u3_all.deb ...
Unpacking distro-info-data (0.58+deb12u3) over (0.58+deb12u2) ...
Preparing to unpack .../07-eject_2.38.1-5+deb12u2_amd64.deb ...
Unpacking eject (2.38.1-5+deb12u2) over (2.38.1-5+deb12u1) ...
Preparing to unpack .../08-ghostscript_10.0.0~dfsg-11+deb12u6_amd64.deb ...
Unpacking ghostscript (10.0.0~dfsg-11+deb12u6) over (10.0.0~dfsg-11+deb12u5) ...
Preparing to unpack .../09-libgs10_10.0.0~dfsg-11+deb12u6_amd64.deb ...
Unpacking libgs10:amd64 (10.0.0~dfsg-11+deb12u6) over (10.0.0~dfsg-11+deb12u5) ...
Preparing to unpack .../10-libgs10-common_10.0.0~dfsg-11+deb12u6_all.deb ...
Unpacking libgs10-common (10.0.0~dfsg-11+deb12u6) over (10.0.0~dfsg-11+deb12u5) ...
Preparing to unpack .../11-libgs-common_10.0.0~dfsg-11+deb12u6_all.deb ...
Unpacking libgs-common (10.0.0~dfsg-11+deb12u6) over (10.0.0~dfsg-11+deb12u5) ...
Preparing to unpack .../12-libglib2.0-data_2.74.6-2+deb12u4_all.deb ...
Unpacking libglib2.0-data (2.74.6-2+deb12u4) over (2.74.6-2+deb12u3) ...
Preparing to unpack .../13-libglib2.0-bin_2.74.6-2+deb12u4_amd64.deb ...
Unpacking libglib2.0-bin (2.74.6-2+deb12u4) over (2.74.6-2+deb12u3) ...
Preparing to unpack .../14-libglib2.0-0_2.74.6-2+deb12u4_amd64.deb ...
Unpacking libglib2.0-0:amd64 (2.74.6-2+deb12u4) over (2.74.6-2+deb12u3) ...
Preparing to unpack .../15-libgail-3-0_3.24.38-2~deb12u3_amd64.deb ...
Unpacking libgail-3-0:amd64 (3.24.38-2~deb12u3) over (3.24.38-2~deb12u2) ...
Preparing to unpack .../16-libgtk-3-common_3.24.38-2~deb12u3_all.deb ...
Unpacking libgtk-3-common (3.24.38-2~deb12u3) over (3.24.38-2~deb12u2) ...
Preparing to unpack .../17-libgtk-3-0_3.24.38-2~deb12u3_amd64.deb ...
Unpacking libgtk-3-0:amd64 (3.24.38-2~deb12u3) over (3.24.38-2~deb12u2) ...
Preparing to unpack .../18-gir1.2-gtk-3.0_3.24.38-2~deb12u3_amd64.deb ...
Unpacking gir1.2-gtk-3.0:amd64 (3.24.38-2~deb12u3) over (3.24.38-2~deb12u2) ...
Preparing to unpack .../19-gir1.2-webkit2-4.0_2.46.3-1~deb12u1_amd64.deb ...
Unpacking gir1.2-webkit2-4.0:amd64 (2.46.3-1~deb12u1) over (2.46.0-2~deb12u1) ...
Preparing to unpack .../20-gir1.2-javascriptcoregtk-4.0_2.46.3-1~deb12u1_amd64.deb ...
Unpacking gir1.2-javascriptcoregtk-4.0:amd64 (2.46.3-1~deb12u1) over (2.46.0-2~deb12u1) ...
Preparing to unpack .../21-libwebkit2gtk-4.0-37_2.46.3-1~deb12u1_amd64.deb ...
Unpacking libwebkit2gtk-4.0-37:amd64 (2.46.3-1~deb12u1) over (2.46.0-2~deb12u1) ...
Preparing to unpack .../22-libjavascriptcoregtk-4.0-18_2.46.3-1~deb12u1_amd64.deb ...
Unpacking libjavascriptcoregtk-4.0-18:amd64 (2.46.3-1~deb12u1) over (2.46.0-2~deb12u1) ...
Preparing to unpack .../23-gir1.2-webkit2-4.1_2.46.3-1~deb12u1_amd64.deb ...
Unpacking gir1.2-webkit2-4.1:amd64 (2.46.3-1~deb12u1) over (2.46.0-2~deb12u1) ...
Preparing to unpack .../24-gir1.2-javascriptcoregtk-4.1_2.46.3-1~deb12u1_amd64.deb ...
Unpacking gir1.2-javascriptcoregtk-4.1:amd64 (2.46.3-1~deb12u1) over (2.46.0-2~deb12u1) ...
Preparing to unpack .../25-libwebkit2gtk-4.1-0_2.46.3-1~deb12u1_amd64.deb ...
Unpacking libwebkit2gtk-4.1-0:amd64 (2.46.3-1~deb12u1) over (2.46.0-2~deb12u1) ...
Preparing to unpack .../26-libjavascriptcoregtk-4.1-0_2.46.3-1~deb12u1_amd64.deb ...
Unpacking libjavascriptcoregtk-4.1-0:amd64 (2.46.3-1~deb12u1) over (2.46.0-2~deb12u1) ...
Preparing to unpack .../27-gtk-update-icon-cache_3.24.38-2~deb12u3_amd64.deb ...
Unpacking gtk-update-icon-cache (3.24.38-2~deb12u3) over (3.24.38-2~deb12u2) ...
Preparing to unpack .../28-libapr1_1.7.2-3+deb12u1_amd64.deb ...
Unpacking libapr1:amd64 (1.7.2-3+deb12u1) over (1.7.2-3) ...
Preparing to unpack .../29-libarchive13_3.6.2-1+deb12u2_amd64.deb ...
Unpacking libarchive13:amd64 (3.6.2-1+deb12u2) over (3.6.2-1+deb12u1) ...
Preparing to unpack .../30-libcjson1_1.7.15-1+deb12u2_amd64.deb ...
Unpacking libcjson1:amd64 (1.7.15-1+deb12u2) over (1.7.15-1+deb12u1) ...
Preparing to unpack .../31-libnghttp2-14_1.52.0-1+deb12u2_amd64.deb ...
Unpacking libnghttp2-14:amd64 (1.52.0-1+deb12u2) over (1.52.0-1+deb12u1) ...
Preparing to unpack .../32-libcurl3-gnutls_7.88.1-10+deb12u8_amd64.deb ...
Unpacking libcurl3-gnutls:amd64 (7.88.1-10+deb12u8) over (7.88.1-10+deb12u7) ...
Preparing to unpack .../33-libcurl4_7.88.1-10+deb12u8_amd64.deb ...
Unpacking libcurl4:amd64 (7.88.1-10+deb12u8) over (7.88.1-10+deb12u7) ...
Preparing to unpack .../34-libgtk-3-bin_3.24.38-2~deb12u3_amd64.deb ...
Unpacking libgtk-3-bin (3.24.38-2~deb12u3) over (3.24.38-2~deb12u2) ...
Preparing to unpack .../35-libwebkitgtk-6.0-4_2.46.3-1~deb12u1_amd64.deb ...
Unpacking libwebkitgtk-6.0-4:amd64 (2.46.3-1~deb12u1) over (2.46.0-2~deb12u1) ...
Preparing to unpack .../36-libjavascriptcoregtk-6.0-1_2.46.3-1~deb12u1_amd64.deb ...
Unpacking libjavascriptcoregtk-6.0-1:amd64 (2.46.3-1~deb12u1) over (2.46.0-2~deb12u1) ...
Preparing to unpack .../37-libmpg123-0_1.31.2-1+deb12u1_amd64.deb ...
Unpacking libmpg123-0:amd64 (1.31.2-1+deb12u1) over (1.31.2-1) ...
Preparing to unpack .../38-libnss-myhostname_252.31-1~deb12u1_amd64.deb ...
Unpacking libnss-myhostname:amd64 (252.31-1~deb12u1) over (252.30-1~deb12u2) ...
Preparing to unpack .../39-libnss3_2%3a3.87.1-1+deb12u1_amd64.deb ...
Unpacking libnss3:amd64 (2:3.87.1-1+deb12u1) over (2:3.87.1-1) ...
Preparing to unpack .../40-ntfs-3g_1%3a2022.10.3-1+deb12u2_amd64.deb ...
Unpacking ntfs-3g (1:2022.10.3-1+deb12u2) over (1:2022.10.3-1+b1) ...
Preparing to unpack .../41-libntfs-3g89_1%3a2022.10.3-1+deb12u2_amd64.deb ...
Unpacking libntfs-3g89:amd64 (1:2022.10.3-1+deb12u2) over (1:2022.10.3-1+b1) ...
Preparing to unpack .../42-libostree-1-1_2022.7-2+deb12u1_amd64.deb ...
Unpacking libostree-1-1:amd64 (2022.7-2+deb12u1) over (2022.7-2) ...
Selecting previously unselected package linux-image-6.1.0-27-amd64.
Preparing to unpack .../43-linux-image-6.1.0-27-amd64_6.1.115-1_amd64.deb ...
Unpacking linux-image-6.1.0-27-amd64 (6.1.115-1) ...
Preparing to unpack .../44-linux-image-amd64_6.1.115-1_amd64.deb ...
Unpacking linux-image-amd64 (6.1.115-1) over (6.1.112-1) ...
Preparing to unpack .../45-openssl_3.0.15-1~deb12u1_amd64.deb ...
Unpacking openssl (3.0.15-1~deb12u1) over (3.0.14-1~deb12u2) ...
Preparing to unpack .../46-python3-cryptography_38.0.4-3+deb12u1_amd64.deb ...
Unpacking python3-cryptography (38.0.4-3+deb12u1) over (38.0.4-3) ...
Preparing to unpack .../47-util-linux-locales_2.38.1-5+deb12u2_all.deb ...
Unpacking util-linux-locales (2.38.1-5+deb12u2) over (2.38.1-5+deb12u1) ...
Setting up systemd-sysv (252.31-1~deb12u1) ...
Setting up libc-l10n (2.36-9+deb12u9) ...
Setting up libmpg123-0:amd64 (1.31.2-1+deb12u1) ...
Setting up bsdextrautils (2.38.1-5+deb12u2) ...
Setting up libarchive13:amd64 (3.6.2-1+deb12u2) ...
Setting up libglib2.0-0:amd64 (2.74.6-2+deb12u4) ...
Setting up distro-info-data (0.58+deb12u3) ...
Setting up intel-microcode (3.20240910.1~deb12u1) ...
intel-microcode: microcode will be updated at next boot
Setting up libgs-common (10.0.0~dfsg-11+deb12u6) ...
Setting up libsqlite3-0:amd64 (3.40.1-2+deb12u1) ...
Setting up libnghttp2-14:amd64 (1.52.0-1+deb12u2) ...
Setting up libjavascriptcoregtk-4.0-18:amd64 (2.46.3-1~deb12u1) ...
Setting up libapr1:amd64 (1.7.2-3+deb12u1) ...
Setting up libnss-systemd:amd64 (252.31-1~deb12u1) ...
Setting up libcurl3-gnutls:amd64 (7.88.1-10+deb12u8) ...
Setting up libnss3:amd64 (2:3.87.1-1+deb12u1) ...
Setting up libntfs-3g89:amd64 (1:2022.10.3-1+deb12u2) ...
Setting up gir1.2-javascriptcoregtk-4.0:amd64 (2.46.3-1~deb12u1) ...
Setting up libcjson1:amd64 (1.7.15-1+deb12u2) ...
Setting up locales (2.36-9+deb12u9) ...
Generating locales (this might take a while)...
  en_US.UTF-8... done
Generation complete.
Setting up ntfs-3g (1:2022.10.3-1+deb12u2) ...
Setting up eject (2.38.1-5+deb12u2) ...
Setting up libglib2.0-data (2.74.6-2+deb12u4) ...
Setting up libjavascriptcoregtk-4.1-0:amd64 (2.46.3-1~deb12u1) ...
Setting up libjavascriptcoregtk-6.0-1:amd64 (2.46.3-1~deb12u1) ...
Setting up python3-cryptography (38.0.4-3+deb12u1) ...
Setting up systemd-timesyncd (252.31-1~deb12u1) ...
Setting up udev (252.31-1~deb12u1) ...
Setting up libnss-myhostname:amd64 (252.31-1~deb12u1) ...
Setting up libfdisk1:amd64 (2.38.1-5+deb12u2) ...
Setting up libpam-systemd:amd64 (252.31-1~deb12u1) ...
Setting up libcurl4:amd64 (7.88.1-10+deb12u8) ...
Setting up libpython3.11-minimal:amd64 (3.11.2-6+deb12u4) ...
Setting up util-linux-locales (2.38.1-5+deb12u2) ...
Setting up linux-image-6.1.0-27-amd64 (6.1.115-1) ...
I: /vmlinuz.old is now a symlink to boot/vmlinuz-6.1.0-26-amd64
I: /initrd.img.old is now a symlink to boot/initrd.img-6.1.0-26-amd64
I: /vmlinuz is now a symlink to boot/vmlinuz-6.1.0-27-amd64
I: /initrd.img is now a symlink to boot/initrd.img-6.1.0-27-amd64
/etc/kernel/postinst.d/initramfs-tools:
update-initramfs: Generating /boot/initrd.img-6.1.0-27-amd64
/etc/kernel/postinst.d/zz-update-grub:
Generating grub configuration file ...
Found background image: /usr/share/images/desktop-base/desktop-grub.png
Found linux image: /boot/vmlinuz-6.1.0-27-amd64
Found initrd image: /boot/initrd.img-6.1.0-27-amd64
Found linux image: /boot/vmlinuz-6.1.0-26-amd64
Found initrd image: /boot/initrd.img-6.1.0-26-amd64
Found linux image: /boot/vmlinuz-6.1.0-25-amd64
Found initrd image: /boot/initrd.img-6.1.0-25-amd64
Warning: os-prober will not be executed to detect other bootable partitions.
Systems on them will not be added to the GRUB boot configuration.
Check GRUB_DISABLE_OS_PROBER documentation entry.
done
Setting up openssl (3.0.15-1~deb12u1) ...
Setting up iputils-ping (3:20221126-1+deb12u1) ...
Setting up libgtk-3-common (3.24.38-2~deb12u3) ...
Setting up python3.11-minimal (3.11.2-6+deb12u4) ...
Setting up libgs10-common (10.0.0~dfsg-11+deb12u6) ...
Setting up gtk-update-icon-cache (3.24.38-2~deb12u3) ...
Setting up libwebkitgtk-6.0-4:amd64 (2.46.3-1~deb12u1) ...
Setting up libgtk-3-0:amd64 (3.24.38-2~deb12u3) ...
Setting up libpython3.11-stdlib:amd64 (3.11.2-6+deb12u4) ...
Setting up libostree-1-1:amd64 (2022.7-2+deb12u1) ...
Setting up gir1.2-gtk-3.0:amd64 (3.24.38-2~deb12u3) ...
Setting up libglib2.0-bin (2.74.6-2+deb12u4) ...
Setting up libgtk-3-bin (3.24.38-2~deb12u3) ...
Setting up linux-image-amd64 (6.1.115-1) ...
Setting up fdisk (2.38.1-5+deb12u2) ...
Setting up gir1.2-javascriptcoregtk-4.1:amd64 (2.46.3-1~deb12u1) ...
Setting up libgail-3-0:amd64 (3.24.38-2~deb12u3) ...
Setting up libwebkit2gtk-4.0-37:amd64 (2.46.3-1~deb12u1) ...
Setting up libgs10:amd64 (10.0.0~dfsg-11+deb12u6) ...
Setting up python3.11 (3.11.2-6+deb12u4) ...
Setting up libwebkit2gtk-4.1-0:amd64 (2.46.3-1~deb12u1) ...
Setting up gir1.2-webkit2-4.0:amd64 (2.46.3-1~deb12u1) ...
Setting up libpython3.11:amd64 (3.11.2-6+deb12u4) ...
Setting up gir1.2-webkit2-4.1:amd64 (2.46.3-1~deb12u1) ...
Setting up ghostscript (10.0.0~dfsg-11+deb12u6) ...
Processing triggers for cracklib-runtime (2.9.6-5+b1) ...
Processing triggers for dbus (1.14.10-1~deb12u1) ...
Processing triggers for mailcap (3.70+nmu1) ...
Processing triggers for desktop-file-utils (0.26-1) ...
Processing triggers for initramfs-tools (0.142+deb12u1) ...
update-initramfs: Generating /boot/initrd.img-6.1.0-27-amd64
Processing triggers for gnome-menus (3.36.0-1.1) ...
Processing triggers for libc-bin (2.36-9+deb12u9) ...
Processing triggers for systemd (252.31-1~deb12u1) ...
Processing triggers for man-db (2.11.2-2) ...
root@iwantoeat:/home/sarah# apt install unrar-free
Reading package lists... Done
Building dependency tree... Done
Reading state information... Done
The following package was automatically installed and is no longer required:
  linux-image-6.1.0-25-amd64
Use 'apt autoremove' to remove it.
Suggested packages:
  pike8.0
The following NEW packages will be installed:
  unrar-free
0 upgraded, 1 newly installed, 0 to remove and 0 not upgraded.
Need to get 16.5 kB of archives.
After this operation, 60.4 kB of additional disk space will be used.
Get:1 http://deb.debian.org/debian bookworm/main amd64 unrar-free amd64 1:0.1.3-1 [16.5 kB]
Fetched 16.5 kB in 0s (67.9 kB/s)
Selecting previously unselected package unrar-free.
(Reading database ... 156407 files and directories currently installed.)
Preparing to unpack .../unrar-free_1%3a0.1.3-1_amd64.deb ...
Unpacking unrar-free (1:0.1.3-1) ...
Setting up unrar-free (1:0.1.3-1) ...
update-alternatives: using /usr/bin/unrar-free to provide /usr/bin/unrar (unrar) in auto mode
Processing triggers for man-db (2.11.2-2) ...

root@iwantoeat:/home/sarah# mv meow meow.tar
root@iwantoeat:/home/sarah# tar -xf meow.tar

root@iwantoeat:/home/sarah#
root@iwantoeat:/home/sarah# ls
dawa  Desktop  Documents  Downloads  meow.tar  Music  Pictures  Public  Templates  Videos
root@iwantoeat:/home/sarah#

root@iwantoeat:/home# cd /home/sarah/dawa
root@iwantoeat:/home/sarah/dawa# find -size 15M
./folder31/19/file39

